PLACE
INTERNAL
replacement_initial_place_replacement_initial_transition, 
 { <flow name="Act_replacement_initial_transition">
  <opaqueActivity name="Act_p3_C0" />
  <flow name="Act_t1">
    <receive name="Act_a"
      partnerLink="generic_pl"
      operation="a"
      variable="Var_a" />
    <opaqueActivity name="Act_p3_C1" />
  </flow>

    <receive name="Act_a"
      partnerLink="generic_pl"
      operation="a"
      variable="Var_a" />
</flow>

 }
p4;
 {  }

INPUT
;

OUTPUT
;

INITIALMARKING
replacement_initial_place_replacement_initial_transition : 1; { zufaellig ausgewaehlter Platz }

FINALMARKING
replacement_initial_place_replacement_initial_transition : 1; { zufaellig ausgewaehlter Platz }

